........................................................................ [  5%]
.........................s...........................................sss [ 11%]
s.................................................s..sssssssssssss.sssss [ 17%]
ssssssssssssssssssssssssssssssssss............................ssss...... [ 23%]
..s..................................................................... [ 29%]
......................................................................ss [ 34%]
ssssssss................................................................ [ 40%]
........................................................................ [ 46%]
........................................................................ [ 52%]
........................................................................ [ 58%]
..........................................sss........................... [ 64%]
...........................................ssssssssssssssssss........... [ 69%]
............................................s........................... [ 75%]
......................ss................................................ [ 81%]
........................................................................ [ 87%]
...................s..............................................s..... [ 93%]
........................................................................ [ 99%]
...........                                                              [100%]
1136 passed, 99 skipped in 1420.27s (0:23:40)
EXIT=0
