........................................................................ [  5%]
.........................s...........................................sss [ 11%]
s..................................................s..ssssssssssssss.sss [ 17%]
ssssssssssssssssssssssssssssssssssss............................ssss.... [ 23%]
....s................................................................... [ 29%]
........................................................................ [ 34%]
ssssssssss.............................................................. [ 40%]
........................................................................ [ 46%]
........................................................................ [ 52%]
........................................................................ [ 58%]
............................................sss......................... [ 63%]
.............................................ssssssssssssssssss......... [ 69%]
..............................................s......................... [ 75%]
........................ss.............................................. [ 81%]
........................................................................ [ 87%]
.....................s..............................................s... [ 92%]
........................................................................ [ 98%]
................                                                         [100%]
1140 passed, 100 skipped in 1508.52s (0:25:08)
EXIT=0
