id:TASK-260822-1jns5p
status:done
title:TASK-260822-1jns5p: troubleshooting-and-releaser-note

id:TASK-260819-2j7v0x
status:done
title:TASK-260819-2j7v0x: research-radical-ci-feedback-architecture

id:BUG-260807-1it17m
status:done
title:BUG-260807-1it17m: windows-external-build-artifact-stored-without-exe-suffix

id:TASK-260821-2c7ter
status:done
title:TASK-260821-2c7ter: drop-en-readme

id:TASK-260819-2bow35
status:done
title:TASK-260819-2bow35: implement-fast-pr-and-full-main-lanes

id:TASK-260819-1y7hh4
status:done
title:TASK-260819-1y7hh4: en-readme

id:TASK-260728-3jaa57
status:done
title:TASK-260728-3jaa57: csk-mixed-receipt-marker-and-lifecycle

id:TASK-260826-29y82b
status:blocked
title:TASK-260826-29y82b: spec22-pin-delta

id:TASK-260827-d319oi
status:development
title:TASK-260827-d319oi: accept-protocol-rc10
