DELETE .temp/spawn-runs
DELETE .temp/logwork
DELETE .temp/resources
DELETE .temp/tasks.md
DELETE .temp/TASK-260824-2h0vjy/.DS_Store
DELETE .temp/TASK-260824-2h0vjy/artifacts
DELETE .temp/TASK-260824-2h0vjy/candidate-spec
DELETE .temp/TASK-260824-2h0vjy/evidence
DELETE .temp/TASK-260824-2h0vjy/logs
DELETE .temp/TASK-260824-2h0vjy/macos-e2e-97428409507.log
DELETE .temp/TASK-260824-2h0vjy/probe
DELETE .temp/TASK-260824-2h0vjy/protocol-spec
DELETE .temp/TASK-260824-2h0vjy/pytest-candidate-01.log
DELETE .temp/TASK-260824-2h0vjy/released-spec
DELETE .temp/TASK-260824-2h0vjy/verdict-cycle5.md
DELETE .temp/TASK-260824-2h0vjy/verdict.md
DELETE .temp/TASK-260824-2i5yqw/.DS_Store
DELETE .temp/TASK-260824-2i5yqw/TASK-260824-2i5yqw_implementation-notes.md
DELETE .temp/TASK-260824-2i5yqw/conformance-run-02.log
DELETE .temp/TASK-260824-2i5yqw/core.md
DELETE .temp/TASK-260824-2i5yqw/curator-spec-rc9
DELETE .temp/TASK-260824-2i5yqw/e2e-venv
DELETE .temp/TASK-260824-2i5yqw/goprobe
DELETE .temp/TASK-260824-2i5yqw/module-roots.json
DELETE .temp/TASK-260824-2i5yqw/review
DELETE .temp/TASK-260824-2i5yqw/script-policy.json
DELETE .temp/TASK-260824-2i5yqw/spec
DELETE .temp/TASK-260824-2i5yqw/spec-e2e
DELETE .temp/TASK-260824-2i5yqw/spec-pinned
DELETE .temp/TASK-260824-2i5yqw/spec-rc9
DELETE .temp/TASK-260824-2i5yqw/spec-released
DELETE .temp/TASK-260824-2i5yqw/sweep_v8_cases.py
