## candidate evidence files
.temp/BUG-260731-1rldqv/BUG-260731-1rldqv_evidence.md
.temp/BUG-260807-1it17m/BUG-260807-1it17m_results.md
.temp/BUG-260807-26lmvj/skill-sentry-worktree/references/screen-analysis.md
.temp/BUG-260807-l2ymv3/BUG-260807-l2ymv3_results.md
.temp/BUG-260807-l2ymv3/prior-attempt.patch
.temp/BUG-260807-l2ymv3/results.md
.temp/BUG-260821-p628cq/BUG-260821-p628cq_review.md
.temp/PMA-24177/skill-sentry/references/screen-analysis.md
.temp/TASK-260720-12r55p/TASK-260720-12r55p_cycle-6-evidence.md
.temp/TASK-260720-12r55p/TASK-260720-12r55p_cycle-6-windows-portability.patch
.temp/TASK-260720-2jfnz6/evidence/TASK-260720-2jfnz6_implementation-evidence.md
.temp/TASK-260720-2x6mjn/TASK-260720-2x6mjn_results.md
.temp/TASK-260720-2x6mjn/TASK-260720-2x6mjn_review-verdict-cycle2.md
.temp/TASK-260720-2x6mjn/TASK-260720-2x6mjn_review-verdict.md
.temp/TASK-260720-2x6mjn/evidence/TASK-260720-2x6mjn_results.md
.temp/TASK-260720-2x6mjn/review3/TASK-260720-2x6mjn_review-verdict-cycle3.md
.temp/TASK-260720-2x6mjn/review4/TASK-260720-2x6mjn_review-verdict-cycle4.md
.temp/TASK-260720-3c0ss2/TASK-260720-3c0ss2_results.md
.temp/TASK-260720-3pemm6/TASK-260720-3pemm6_developer-evidence.md
.temp/TASK-260720-3t8nr3/TASK-260720-3t8nr3_review-verdict.md
.temp/TASK-260720-8nxlgx/reviewer-af18fc/TASK-260720-8nxlgx_review-verdict_RUN-260730-af18fc.md
.temp/TASK-260728-3kuxg7/TASK-260728-3kuxg7_results.md
.temp/TASK-260803-21lw4t/review-verdict_RUN-260823-59a169.md
.temp/TASK-260819-1an2j1/review-verdict-2.md
.temp/TASK-260819-1uhs6k/review-verdict.md
.temp/TASK-260819-1uhs6k_results.md
.temp/TASK-260819-1y7hh4/review-verdict-2.md
.temp/TASK-260819-1y7hh4/review-verdict-3.md
.temp/TASK-260819-8a0q6y/review-verdict-4.md
.temp/TASK-260821-1h8thl/review-verdict-round2.md
.temp/TASK-260821-1h8thl/review.md
.temp/TASK-260821-1h8thl_results.md
.temp/TASK-260821-1h8thl_review-verdict-round3.md
.temp/TASK-260821-2c7ter/review-01.md
.temp/TASK-260821-2c7ter/review-02.md
.temp/TASK-260821-2c7ter/review-03.md
.temp/TASK-260821-2c7ter_results.md
.temp/TASK-260822-1jns5p/review-01.md
.temp/TASK-260822-1jns5p/review-verdict-3.md
.temp/TASK-260822-1jns5p/review-verdict-4.md
.temp/TASK-260822-1jns5p/review-verdict-5.md
.temp/TASK-260822-3ah6pu/review.md
.temp/TASK-260822-3o5iw2/review-round2.md
.temp/TASK-260822-3o5iw2/review.md
.temp/TASK-260822-3tvw34/review-01.md
.temp/TASK-260824-2h0vjy/artifacts/TASK-260824-2h0vjy_crlf-audit-analysis.md
.temp/TASK-260824-2h0vjy/artifacts/TASK-260824-2h0vjy_macos-domain-join-analysis.md
.temp/TASK-260824-2h0vjy/artifacts/TASK-260824-2h0vjy_rework-results.md
.temp/TASK-260824-2i5yqw/review/TASK-260824-2i5yqw_review-verdict.md
.temp/TASK-260824-31y75t/evidence/TASK-260824-31y75t_results.md
.temp/TASK-260824-31y75t/rev3/review3.md
.temp/TASK-260824-31y75t/review4-verification.md
.temp/TASK-260826-29y82b/review-verdict.md
.temp/csk-runtime-command-fix/skill-gitlab/references/review-checklist.md
.temp/csk-runtime-command-fix/skill-sentry/references/screen-analysis.md
.temp/curator-shell-neutral/curator/.task-board/.resources/TASK-260713-7a9c1e/review.md
.temp/curator-shell-neutral/curator/.task-board/.resources/TASK-260713-c7a18d/research.md
.temp/curator-shell-neutral/curator/agents/skills/skill-go-testing-tools/.task-board/EPIC-260210-3nfe84_tuitestkit-library/STORY-260210-13zh5y_reducer-test-harness/artifacts/RESEARCH.md
.temp/curator-shell-neutral/curator/agents/skills/skill-go-testing-tools/.task-board/EPIC-260210-3nfe84_tuitestkit-library/STORY-260210-226l04_message-builders/artifacts/RESEARCH.md
.temp/curator-shell-neutral/curator/agents/skills/skill-go-testing-tools/.task-board/EPIC-260210-3nfe84_tuitestkit-library/STORY-260210-30fvau_mock-executor/artifacts/RESEARCH.md
.temp/curator-shell-neutral/curator/agents/skills/skill-go-testing-tools/.task-board/EPIC-260210-3nfe84_tuitestkit-library/STORY-260210-30iifw_golden-file-testing/artifacts/research.md
.temp/curator-shell-neutral/curator/agents/skills/skill-go-testing-tools/.task-board/EPIC-260210-3nfe84_tuitestkit-library/STORY-260210-3j76j0_model-test-harness/artifacts/research.md
.temp/curator-shell-neutral/curator/agents/skills/skill-go-testing-tools/.task-board/EPIC-260210-3nfe84_tuitestkit-library/STORY-260210-bncxso_view-assertions/artifacts/RESEARCH.md
.temp/open-pr-docs014-outcome.md
.temp/open-pr-https-outcome.md
.temp/open-pr-outcome.md
.temp/open-pr2-outcome.md
.temp/research-operational-contract.md
.temp/research/csk-audit/review-rfc0006.md
.temp/research/csk-audit/review-v0.7.md
.temp/research/review-24147.md
.temp/research/review-24148.md
.temp/research/review-24149.md
.temp/resources/TASK-260803-1nj6ar/TASK-260803-1nj6ar_review-verdict_RUN-260803-e37fd8.md
.temp/resources/TASK-260803-2ol7ok/TASK-260803-2ol7ok_review-verdict_RUN-260803-79de08.md
.temp/review-1an2j1.md
.temp/review-1d7zbo.md
.temp/review-1h8thl-2.md
.temp/review-1h8thl.md
.temp/review-1jns5p-2.md
.temp/review-1jns5p-4.md
.temp/review-1jns5p.md
.temp/review-1uhs6k-2.md
.temp/review-1uhs6k.md
.temp/review-1y7hh4-2.md
.temp/review-1y7hh4.md
.temp/review-2c7ter-2.md
.temp/review-2c7ter.md
.temp/review-2nd3y7.md
.temp/review-2otvoy-2.md
.temp/review-2otvoy.md
.temp/review-2rzwqa.md
.temp/review-3ah6pu.md
.temp/review-3o5iw2.md
.temp/review-3s96o5-2.md
.temp/review-3s96o5.md
.temp/review-3tvw34.md
.temp/review-8a0q6y-2.md
.temp/review-8a0q6y-3.md
.temp/review-8a0q6y.md
.temp/review-note-3tvw34.md
.temp/reviewer-note-generic.md
.temp/skill-gitlab/references/review-checklist.md
.temp/skill-grafana/references/code-review.md
.temp/skill-sentry/references/screen-analysis.md
