280208	.temp/BUG-260807-l2ymv3
168168	.temp/TASK-260824-2i5yqw
161324	.temp/TASK-260824-2h0vjy
137516	.temp/build-https
37844	.temp/csk-runtime-command-fix
12104	.temp/cleanup-audit
11232	.temp/TASK-260720-3c0ss2
7836	.temp/swift_book
6936	.temp/curator-spec-verify
6928	.temp/curator-spec
6928	.temp/TASK-260826-29y82b
6036	.temp/ratify-build-ssh
5332	.temp/TASK-260827-d319oi
2952	.temp/BUG-260731-1rldqv
2736	.temp/BUG-260731-2rhy74
2540	.temp/curator-shell-neutral
1300	.temp/BUG-260807-26lmvj
936	.temp/f2-messages.txt
848	.temp/upstream-patch-dist
836	.temp/BUG-260807-1r5oz9
716	.temp/skill-sentry
700	.temp/skill-youtrack-repo
684	.temp/PMA-24177
672	.temp/PMA-24178
620	.temp/aid
616	.temp/skill-band
612	.temp/skill-grafana
552	.temp/skill-bi
540	.temp/skill-gitlab
532	.temp/skill-bi-ref
364	.temp/BUG-260807-1r5oz9-dist
304	.temp/research
304	.temp/PMA-24176
168	.temp/f1-messages.txt
160	.temp/ci-source-identity
128	.temp/skill-figma
128	.temp/skill-deploy-lab
108	.temp/TASK-260822-3o5iw2
60	.temp/TASK-260821-1h8thl
44	.temp/TASK-260822-3tvw34
40	.temp/old-readme.md
36	.temp/skill-authoring.orig.md
36	.temp/rev3-orig.md
36	.temp/TASK-260819-8a0q6y
32	.temp/TASK-260821-2nd3y7
32	.temp/PMA-24703
28	.temp/TASK-260822-3ah6pu
24	.temp/TASK-260819-1uhs6k
20	.temp/tz-docs-0.14.md
20	.temp/BUG-260821-p628cq
12	.temp/tz-docs-build-https.md
12	.temp/review-8a0q6y-3.md
12	.temp/review-3o5iw2.md
12	.temp/review-3ah6pu.md
12	.temp/review-2otvoy-2.md
12	.temp/review-2nd3y7.md
12	.temp/review-1y7hh4.md
12	.temp/review-1y7hh4-2.md
12	.temp/review-1uhs6k.md
12	.temp/review-1uhs6k-2.md
12	.temp/review-1jns5p-4.md
12	.temp/review-1jns5p-2.md
12	.temp/review-1h8thl.md
12	.temp/review-1h8thl-2.md
12	.temp/research-operational-contract.md
12	.temp/create_results.py
12	.temp/TASK-260819-1uhs6k_results.md
12	.temp/TASK-260819-1an2j1
12	.temp/PMA-24147
8	.temp/ytx-output-task.md
8	.temp/review-8a0q6y.md
8	.temp/review-8a0q6y-2.md
8	.temp/review-3tvw34.md
8	.temp/review-3s96o5.md
8	.temp/review-3s96o5-2.md
8	.temp/review-2rzwqa.md
8	.temp/review-2otvoy.md
8	.temp/review-2c7ter.md
8	.temp/review-2c7ter-2.md
8	.temp/review-1jns5p.md
