REMOVE /Users/iv/Developer/Wildberries/cocoaskills/.temp/BUG-260805-cfdxsk/worktree
REMOVE /Users/iv/Developer/Wildberries/cocoaskills/.temp/spec-rc6-pin-check
REMOVE /Users/iv/Developer/Wildberries/cocoaskills/.temp/TASK-260720-11yhth/baseline
REMOVE /Users/iv/Developer/Wildberries/cocoaskills/.temp/TASK-260720-11yhth/worktree
REMOVE /Users/iv/Developer/Wildberries/cocoaskills/.temp/TASK-260720-12r55p/worktree
REMOVE /Users/iv/Developer/Wildberries/cocoaskills/.temp/TASK-260720-2g21eg/worktree
REMOVE /Users/iv/Developer/Wildberries/cocoaskills/.temp/TASK-260720-2jfnz6/worktree
REMOVE /Users/iv/Developer/Wildberries/cocoaskills/.temp/TASK-260720-2x6mjn/review-baseline
REMOVE /Users/iv/Developer/Wildberries/cocoaskills/.temp/TASK-260720-2x6mjn/worktree
REMOVE /Users/iv/Developer/Wildberries/cocoaskills/.temp/TASK-260720-3pemm6/worktree
REMOVE /Users/iv/Developer/Wildberries/cocoaskills/.temp/TASK-260720-3t8nr3/worktree
REMOVE /Users/iv/Developer/Wildberries/cocoaskills/.temp/TASK-260720-8nxlgx/worktree
REMOVE /Users/iv/Developer/Wildberries/cocoaskills/.temp/TASK-260720-poa3ze/origin-main-worktree
REMOVE /Users/iv/Developer/Wildberries/cocoaskills/.temp/TASK-260803-21lw4t/fix-hosted-cleanliness
REMOVE /Users/iv/Developer/Wildberries/cocoaskills/.temp/TASK-260803-21lw4t/fix-windows-tests
REMOVE /Users/iv/Developer/Wildberries/cocoaskills/.temp/TASK-260803-21lw4t/integration
REMOVE /Users/iv/Developer/Wildberries/cocoaskills/.temp/TASK-260803-21lw4t/worktree
REMOVE /Users/iv/Developer/Wildberries/cocoaskills/.temp/TASK-260824-2h0vjy/crlf
REMOVE /Users/iv/Developer/Wildberries/cocoaskills/.temp/TASK-260824-2h0vjy/fix
REMOVE /Users/iv/Developer/Wildberries/cocoaskills/.temp/TASK-260824-2h0vjy/rework
REMOVE /Users/iv/Developer/Wildberries/cocoaskills/.temp/TASK-260824-2h0vjy/worktree
REMOVE /Users/iv/Developer/Wildberries/cocoaskills/.temp/TASK-260824-2i5yqw/pr40
REMOVE /Users/iv/Developer/Wildberries/cocoaskills/.temp/TASK-260824-31y75t/rework
REMOVE /Users/iv/Developer/Wildberries/cocoaskills/.temp/TASK-260824-31y75t/worktree
