F                                                                        [100%]/Users/iv/Developer/Wildberries/cocoaskills/.venv/lib/python3.14/site-packages/_pytest/pathlib.py:95: PytestWarning: (rm_rf) error removing /private/var/folders/cz/jqbthtks55zbkpcdkfyk4bl80000gp/T/pytest-of-iv/garbage-9188153b-43f8-458d-878c-5589a7133774/test_rc6_toolchain_case_toolch0/toolchain-mode-1/pkg
<class 'OSError'>: [Errno 66] Directory not empty: '/private/var/folders/cz/jqbthtks55zbkpcdkfyk4bl80000gp/T/pytest-of-iv/garbage-9188153b-43f8-458d-878c-5589a7133774/test_rc6_toolchain_case_toolch0/toolchain-mode-1/pkg'
  warnings.warn(
/Users/iv/Developer/Wildberries/cocoaskills/.venv/lib/python3.14/site-packages/_pytest/pathlib.py:95: PytestWarning: (rm_rf) error removing /private/var/folders/cz/jqbthtks55zbkpcdkfyk4bl80000gp/T/pytest-of-iv/garbage-9188153b-43f8-458d-878c-5589a7133774/test_rc6_toolchain_case_toolch0/toolchain-mode-1
<class 'OSError'>: [Errno 66] Directory not empty: '/private/var/folders/cz/jqbthtks55zbkpcdkfyk4bl80000gp/T/pytest-of-iv/garbage-9188153b-43f8-458d-878c-5589a7133774/test_rc6_toolchain_case_toolch0/toolchain-mode-1'
  warnings.warn(
/Users/iv/Developer/Wildberries/cocoaskills/.venv/lib/python3.14/site-packages/_pytest/pathlib.py:95: PytestWarning: (rm_rf) error removing /private/var/folders/cz/jqbthtks55zbkpcdkfyk4bl80000gp/T/pytest-of-iv/garbage-9188153b-43f8-458d-878c-5589a7133774/test_rc6_toolchain_case_toolch0
<class 'OSError'>: [Errno 66] Directory not empty: '/private/var/folders/cz/jqbthtks55zbkpcdkfyk4bl80000gp/T/pytest-of-iv/garbage-9188153b-43f8-458d-878c-5589a7133774/test_rc6_toolchain_case_toolch0'
  warnings.warn(
/Users/iv/Developer/Wildberries/cocoaskills/.venv/lib/python3.14/site-packages/_pytest/pathlib.py:95: PytestWarning: (rm_rf) error removing /private/var/folders/cz/jqbthtks55zbkpcdkfyk4bl80000gp/T/pytest-of-iv/garbage-9188153b-43f8-458d-878c-5589a7133774
<class 'OSError'>: [Errno 66] Directory not empty: '/private/var/folders/cz/jqbthtks55zbkpcdkfyk4bl80000gp/T/pytest-of-iv/garbage-9188153b-43f8-458d-878c-5589a7133774'
  warnings.warn(
/Users/iv/Developer/Wildberries/cocoaskills/.venv/lib/python3.14/site-packages/_pytest/pathlib.py:95: PytestWarning: (rm_rf) error removing /private/var/folders/cz/jqbthtks55zbkpcdkfyk4bl80000gp/T/pytest-of-iv/garbage-d7719b08-9b35-4c7a-9e73-b3371c0b832c/test_rc6_toolchain_case_toolch0/toolchain-mode-1/pkg
<class 'OSError'>: [Errno 66] Directory not empty: '/private/var/folders/cz/jqbthtks55zbkpcdkfyk4bl80000gp/T/pytest-of-iv/garbage-d7719b08-9b35-4c7a-9e73-b3371c0b832c/test_rc6_toolchain_case_toolch0/toolchain-mode-1/pkg'
  warnings.warn(
/Users/iv/Developer/Wildberries/cocoaskills/.venv/lib/python3.14/site-packages/_pytest/pathlib.py:95: PytestWarning: (rm_rf) error removing /private/var/folders/cz/jqbthtks55zbkpcdkfyk4bl80000gp/T/pytest-of-iv/garbage-d7719b08-9b35-4c7a-9e73-b3371c0b832c/test_rc6_toolchain_case_toolch0/toolchain-mode-1
<class 'OSError'>: [Errno 66] Directory not empty: '/private/var/folders/cz/jqbthtks55zbkpcdkfyk4bl80000gp/T/pytest-of-iv/garbage-d7719b08-9b35-4c7a-9e73-b3371c0b832c/test_rc6_toolchain_case_toolch0/toolchain-mode-1'
  warnings.warn(
/Users/iv/Developer/Wildberries/cocoaskills/.venv/lib/python3.14/site-packages/_pytest/pathlib.py:95: PytestWarning: (rm_rf) error removing /private/var/folders/cz/jqbthtks55zbkpcdkfyk4bl80000gp/T/pytest-of-iv/garbage-d7719b08-9b35-4c7a-9e73-b3371c0b832c/test_rc6_toolchain_case_toolch0
<class 'OSError'>: [Errno 66] Directory not empty: '/private/var/folders/cz/jqbthtks55zbkpcdkfyk4bl80000gp/T/pytest-of-iv/garbage-d7719b08-9b35-4c7a-9e73-b3371c0b832c/test_rc6_toolchain_case_toolch0'
  warnings.warn(
/Users/iv/Developer/Wildberries/cocoaskills/.venv/lib/python3.14/site-packages/_pytest/pathlib.py:95: PytestWarning: (rm_rf) error removing /private/var/folders/cz/jqbthtks55zbkpcdkfyk4bl80000gp/T/pytest-of-iv/garbage-d7719b08-9b35-4c7a-9e73-b3371c0b832c
<class 'OSError'>: [Errno 66] Directory not empty: '/private/var/folders/cz/jqbthtks55zbkpcdkfyk4bl80000gp/T/pytest-of-iv/garbage-d7719b08-9b35-4c7a-9e73-b3371c0b832c'
  warnings.warn(
/Users/iv/Developer/Wildberries/cocoaskills/.venv/lib/python3.14/site-packages/_pytest/pathlib.py:95: PytestWarning: (rm_rf) error removing /private/var/folders/cz/jqbthtks55zbkpcdkfyk4bl80000gp/T/pytest-of-iv/garbage-f0db47cd-6661-4445-890e-3457e81942dc/test_rc6_toolchain_case_toolch0/toolchain-mode-1/pkg
<class 'OSError'>: [Errno 66] Directory not empty: '/private/var/folders/cz/jqbthtks55zbkpcdkfyk4bl80000gp/T/pytest-of-iv/garbage-f0db47cd-6661-4445-890e-3457e81942dc/test_rc6_toolchain_case_toolch0/toolchain-mode-1/pkg'
  warnings.warn(
/Users/iv/Developer/Wildberries/cocoaskills/.venv/lib/python3.14/site-packages/_pytest/pathlib.py:95: PytestWarning: (rm_rf) error removing /private/var/folders/cz/jqbthtks55zbkpcdkfyk4bl80000gp/T/pytest-of-iv/garbage-f0db47cd-6661-4445-890e-3457e81942dc/test_rc6_toolchain_case_toolch0/toolchain-mode-1
<class 'OSError'>: [Errno 66] Directory not empty: '/private/var/folders/cz/jqbthtks55zbkpcdkfyk4bl80000gp/T/pytest-of-iv/garbage-f0db47cd-6661-4445-890e-3457e81942dc/test_rc6_toolchain_case_toolch0/toolchain-mode-1'
  warnings.warn(
/Users/iv/Developer/Wildberries/cocoaskills/.venv/lib/python3.14/site-packages/_pytest/pathlib.py:95: PytestWarning: (rm_rf) error removing /private/var/folders/cz/jqbthtks55zbkpcdkfyk4bl80000gp/T/pytest-of-iv/garbage-f0db47cd-6661-4445-890e-3457e81942dc/test_rc6_toolchain_case_toolch0
<class 'OSError'>: [Errno 66] Directory not empty: '/private/var/folders/cz/jqbthtks55zbkpcdkfyk4bl80000gp/T/pytest-of-iv/garbage-f0db47cd-6661-4445-890e-3457e81942dc/test_rc6_toolchain_case_toolch0'
  warnings.warn(
/Users/iv/Developer/Wildberries/cocoaskills/.venv/lib/python3.14/site-packages/_pytest/pathlib.py:95: PytestWarning: (rm_rf) error removing /private/var/folders/cz/jqbthtks55zbkpcdkfyk4bl80000gp/T/pytest-of-iv/garbage-f0db47cd-6661-4445-890e-3457e81942dc
<class 'OSError'>: [Errno 66] Directory not empty: '/private/var/folders/cz/jqbthtks55zbkpcdkfyk4bl80000gp/T/pytest-of-iv/garbage-f0db47cd-6661-4445-890e-3457e81942dc'
  warnings.warn(
/Users/iv/Developer/Wildberries/cocoaskills/.venv/lib/python3.14/site-packages/_pytest/pathlib.py:95: PytestWarning: (rm_rf) error removing /private/var/folders/cz/jqbthtks55zbkpcdkfyk4bl80000gp/T/pytest-of-iv/garbage-e9ab4c78-95bb-4d6c-8228-bcee7cc1effc/test_rc6_toolchain_case_toolch0/toolchain-mode-1/pkg
<class 'OSError'>: [Errno 66] Directory not empty: '/private/var/folders/cz/jqbthtks55zbkpcdkfyk4bl80000gp/T/pytest-of-iv/garbage-e9ab4c78-95bb-4d6c-8228-bcee7cc1effc/test_rc6_toolchain_case_toolch0/toolchain-mode-1/pkg'
  warnings.warn(
/Users/iv/Developer/Wildberries/cocoaskills/.venv/lib/python3.14/site-packages/_pytest/pathlib.py:95: PytestWarning: (rm_rf) error removing /private/var/folders/cz/jqbthtks55zbkpcdkfyk4bl80000gp/T/pytest-of-iv/garbage-e9ab4c78-95bb-4d6c-8228-bcee7cc1effc/test_rc6_toolchain_case_toolch0/toolchain-mode-1
<class 'OSError'>: [Errno 66] Directory not empty: '/private/var/folders/cz/jqbthtks55zbkpcdkfyk4bl80000gp/T/pytest-of-iv/garbage-e9ab4c78-95bb-4d6c-8228-bcee7cc1effc/test_rc6_toolchain_case_toolch0/toolchain-mode-1'
  warnings.warn(
/Users/iv/Developer/Wildberries/cocoaskills/.venv/lib/python3.14/site-packages/_pytest/pathlib.py:95: PytestWarning: (rm_rf) error removing /private/var/folders/cz/jqbthtks55zbkpcdkfyk4bl80000gp/T/pytest-of-iv/garbage-e9ab4c78-95bb-4d6c-8228-bcee7cc1effc/test_rc6_toolchain_case_toolch0
<class 'OSError'>: [Errno 66] Directory not empty: '/private/var/folders/cz/jqbthtks55zbkpcdkfyk4bl80000gp/T/pytest-of-iv/garbage-e9ab4c78-95bb-4d6c-8228-bcee7cc1effc/test_rc6_toolchain_case_toolch0'
  warnings.warn(
/Users/iv/Developer/Wildberries/cocoaskills/.venv/lib/python3.14/site-packages/_pytest/pathlib.py:95: PytestWarning: (rm_rf) error removing /private/var/folders/cz/jqbthtks55zbkpcdkfyk4bl80000gp/T/pytest-of-iv/garbage-e9ab4c78-95bb-4d6c-8228-bcee7cc1effc
<class 'OSError'>: [Errno 66] Directory not empty: '/private/var/folders/cz/jqbthtks55zbkpcdkfyk4bl80000gp/T/pytest-of-iv/garbage-e9ab4c78-95bb-4d6c-8228-bcee7cc1effc'
  warnings.warn(
/Users/iv/Developer/Wildberries/cocoaskills/.venv/lib/python3.14/site-packages/_pytest/pathlib.py:95: PytestWarning: (rm_rf) error removing /private/var/folders/cz/jqbthtks55zbkpcdkfyk4bl80000gp/T/pytest-of-iv/garbage-cd061a72-7df1-431d-93a5-b47255effb4f/test_rc6_toolchain_case_toolch0/toolchain-mode-1/pkg
<class 'OSError'>: [Errno 66] Directory not empty: '/private/var/folders/cz/jqbthtks55zbkpcdkfyk4bl80000gp/T/pytest-of-iv/garbage-cd061a72-7df1-431d-93a5-b47255effb4f/test_rc6_toolchain_case_toolch0/toolchain-mode-1/pkg'
  warnings.warn(
/Users/iv/Developer/Wildberries/cocoaskills/.venv/lib/python3.14/site-packages/_pytest/pathlib.py:95: PytestWarning: (rm_rf) error removing /private/var/folders/cz/jqbthtks55zbkpcdkfyk4bl80000gp/T/pytest-of-iv/garbage-cd061a72-7df1-431d-93a5-b47255effb4f/test_rc6_toolchain_case_toolch0/toolchain-mode-1
<class 'OSError'>: [Errno 66] Directory not empty: '/private/var/folders/cz/jqbthtks55zbkpcdkfyk4bl80000gp/T/pytest-of-iv/garbage-cd061a72-7df1-431d-93a5-b47255effb4f/test_rc6_toolchain_case_toolch0/toolchain-mode-1'
  warnings.warn(
/Users/iv/Developer/Wildberries/cocoaskills/.venv/lib/python3.14/site-packages/_pytest/pathlib.py:95: PytestWarning: (rm_rf) error removing /private/var/folders/cz/jqbthtks55zbkpcdkfyk4bl80000gp/T/pytest-of-iv/garbage-cd061a72-7df1-431d-93a5-b47255effb4f/test_rc6_toolchain_case_toolch0
<class 'OSError'>: [Errno 66] Directory not empty: '/private/var/folders/cz/jqbthtks55zbkpcdkfyk4bl80000gp/T/pytest-of-iv/garbage-cd061a72-7df1-431d-93a5-b47255effb4f/test_rc6_toolchain_case_toolch0'
  warnings.warn(
/Users/iv/Developer/Wildberries/cocoaskills/.venv/lib/python3.14/site-packages/_pytest/pathlib.py:95: PytestWarning: (rm_rf) error removing /private/var/folders/cz/jqbthtks55zbkpcdkfyk4bl80000gp/T/pytest-of-iv/garbage-cd061a72-7df1-431d-93a5-b47255effb4f
<class 'OSError'>: [Errno 66] Directory not empty: '/private/var/folders/cz/jqbthtks55zbkpcdkfyk4bl80000gp/T/pytest-of-iv/garbage-cd061a72-7df1-431d-93a5-b47255effb4f'
  warnings.warn(
/Users/iv/Developer/Wildberries/cocoaskills/.venv/lib/python3.14/site-packages/_pytest/pathlib.py:95: PytestWarning: (rm_rf) error removing /private/var/folders/cz/jqbthtks55zbkpcdkfyk4bl80000gp/T/pytest-of-iv/garbage-abf053a9-f86e-4eec-9b50-281335a0fae9/test_rc6_toolchain_case_toolch0/toolchain-mode-1/pkg
<class 'OSError'>: [Errno 66] Directory not empty: '/private/var/folders/cz/jqbthtks55zbkpcdkfyk4bl80000gp/T/pytest-of-iv/garbage-abf053a9-f86e-4eec-9b50-281335a0fae9/test_rc6_toolchain_case_toolch0/toolchain-mode-1/pkg'
  warnings.warn(
/Users/iv/Developer/Wildberries/cocoaskills/.venv/lib/python3.14/site-packages/_pytest/pathlib.py:95: PytestWarning: (rm_rf) error removing /private/var/folders/cz/jqbthtks55zbkpcdkfyk4bl80000gp/T/pytest-of-iv/garbage-abf053a9-f86e-4eec-9b50-281335a0fae9/test_rc6_toolchain_case_toolch0/toolchain-mode-1
<class 'OSError'>: [Errno 66] Directory not empty: '/private/var/folders/cz/jqbthtks55zbkpcdkfyk4bl80000gp/T/pytest-of-iv/garbage-abf053a9-f86e-4eec-9b50-281335a0fae9/test_rc6_toolchain_case_toolch0/toolchain-mode-1'
  warnings.warn(
/Users/iv/Developer/Wildberries/cocoaskills/.venv/lib/python3.14/site-packages/_pytest/pathlib.py:95: PytestWarning: (rm_rf) error removing /private/var/folders/cz/jqbthtks55zbkpcdkfyk4bl80000gp/T/pytest-of-iv/garbage-abf053a9-f86e-4eec-9b50-281335a0fae9/test_rc6_toolchain_case_toolch0
<class 'OSError'>: [Errno 66] Directory not empty: '/private/var/folders/cz/jqbthtks55zbkpcdkfyk4bl80000gp/T/pytest-of-iv/garbage-abf053a9-f86e-4eec-9b50-281335a0fae9/test_rc6_toolchain_case_toolch0'
  warnings.warn(
/Users/iv/Developer/Wildberries/cocoaskills/.venv/lib/python3.14/site-packages/_pytest/pathlib.py:95: PytestWarning: (rm_rf) error removing /private/var/folders/cz/jqbthtks55zbkpcdkfyk4bl80000gp/T/pytest-of-iv/garbage-abf053a9-f86e-4eec-9b50-281335a0fae9
<class 'OSError'>: [Errno 66] Directory not empty: '/private/var/folders/cz/jqbthtks55zbkpcdkfyk4bl80000gp/T/pytest-of-iv/garbage-abf053a9-f86e-4eec-9b50-281335a0fae9'
  warnings.warn(
/Users/iv/Developer/Wildberries/cocoaskills/.venv/lib/python3.14/site-packages/_pytest/pathlib.py:95: PytestWarning: (rm_rf) error removing /private/var/folders/cz/jqbthtks55zbkpcdkfyk4bl80000gp/T/pytest-of-iv/garbage-6ea97cb3-4cff-4bfc-b0e1-85655c5e34d0/test_rc6_toolchain_case_toolch0/toolchain-mode-1/pkg
<class 'OSError'>: [Errno 66] Directory not empty: '/private/var/folders/cz/jqbthtks55zbkpcdkfyk4bl80000gp/T/pytest-of-iv/garbage-6ea97cb3-4cff-4bfc-b0e1-85655c5e34d0/test_rc6_toolchain_case_toolch0/toolchain-mode-1/pkg'
  warnings.warn(
/Users/iv/Developer/Wildberries/cocoaskills/.venv/lib/python3.14/site-packages/_pytest/pathlib.py:95: PytestWarning: (rm_rf) error removing /private/var/folders/cz/jqbthtks55zbkpcdkfyk4bl80000gp/T/pytest-of-iv/garbage-6ea97cb3-4cff-4bfc-b0e1-85655c5e34d0/test_rc6_toolchain_case_toolch0/toolchain-mode-1
<class 'OSError'>: [Errno 66] Directory not empty: '/private/var/folders/cz/jqbthtks55zbkpcdkfyk4bl80000gp/T/pytest-of-iv/garbage-6ea97cb3-4cff-4bfc-b0e1-85655c5e34d0/test_rc6_toolchain_case_toolch0/toolchain-mode-1'
  warnings.warn(
/Users/iv/Developer/Wildberries/cocoaskills/.venv/lib/python3.14/site-packages/_pytest/pathlib.py:95: PytestWarning: (rm_rf) error removing /private/var/folders/cz/jqbthtks55zbkpcdkfyk4bl80000gp/T/pytest-of-iv/garbage-6ea97cb3-4cff-4bfc-b0e1-85655c5e34d0/test_rc6_toolchain_case_toolch0
<class 'OSError'>: [Errno 66] Directory not empty: '/private/var/folders/cz/jqbthtks55zbkpcdkfyk4bl80000gp/T/pytest-of-iv/garbage-6ea97cb3-4cff-4bfc-b0e1-85655c5e34d0/test_rc6_toolchain_case_toolch0'
  warnings.warn(
/Users/iv/Developer/Wildberries/cocoaskills/.venv/lib/python3.14/site-packages/_pytest/pathlib.py:95: PytestWarning: (rm_rf) error removing /private/var/folders/cz/jqbthtks55zbkpcdkfyk4bl80000gp/T/pytest-of-iv/garbage-6ea97cb3-4cff-4bfc-b0e1-85655c5e34d0
<class 'OSError'>: [Errno 66] Directory not empty: '/private/var/folders/cz/jqbthtks55zbkpcdkfyk4bl80000gp/T/pytest-of-iv/garbage-6ea97cb3-4cff-4bfc-b0e1-85655c5e34d0'
  warnings.warn(

=================================== FAILURES ===================================
_____________________ test_released_accepted_schema_cases ______________________

tmp_path = PosixPath('/private/var/folders/cz/jqbthtks55zbkpcdkfyk4bl80000gp/T/pytest-of-iv/pytest-1198/test_released_accepted_schema_0')

    def test_released_accepted_schema_cases(tmp_path: Path) -> None:
        root_text = os.environ.get("CURATOR_SCHEMA_V7_ROOT")
        if root_text is None:
            pytest.skip("CURATOR_SCHEMA_V7_ROOT is not set")
        root = Path(root_text)
        manifest = root / "manifest.json"
        raw_manifest = manifest.read_bytes()
        assert hashlib.sha256(raw_manifest).hexdigest() == ACCEPTED_MANIFEST_SHA256
        # Authenticating the bytes proves which corpus was read; asserting the
        # version it declares proves the corpus is the one the accepted revision
        # republishes rather than a later one that happens to be handed over.
>       assert (
            json.loads(raw_manifest)["protocol_version"] == ACCEPTED_CORPUS_PROTOCOL_VERSION
        )
E       AssertionError: assert '1.0.0-rc.9' == '1.0.0-rc.10'
E         
E         - 1.0.0-rc.10
E         ?          ^^
E         + 1.0.0-rc.9
E         ?          ^

tests/test_schema_v7_repository.py:335: AssertionError
=========================== short test summary info ============================
FAILED tests/test_schema_v7_repository.py::test_released_accepted_schema_cases
1 failed, 42 deselected in 0.06s
