........................................ssssssssssssssssssssssssssssssss [ 34%]
ssssssssssssssssssssssssssssssssssssssssssssssssssssssssssssssssssssssss [ 69%]
ssssssssssssssssssssssssssssssssssssssssssssssssssssssssssssssss         [100%]
=============================== warnings summary ===============================
.venv/lib/python3.14/site-packages/_pytest/pathlib.py:95
  /Users/iv/Developer/Wildberries/cocoaskills/.venv/lib/python3.14/site-packages/_pytest/pathlib.py:95: PytestWarning: (rm_rf) error removing /private/var/folders/cz/jqbthtks55zbkpcdkfyk4bl80000gp/T/pytest-of-iv/garbage-a2935625-e256-4856-a1dc-71440b52ef46/test_rc6_toolchain_case_toolch0/toolchain-mode-1/pkg
  <class 'OSError'>: [Errno 66] Directory not empty: '/private/var/folders/cz/jqbthtks55zbkpcdkfyk4bl80000gp/T/pytest-of-iv/garbage-a2935625-e256-4856-a1dc-71440b52ef46/test_rc6_toolchain_case_toolch0/toolchain-mode-1/pkg'
    warnings.warn(

.venv/lib/python3.14/site-packages/_pytest/pathlib.py:95
  /Users/iv/Developer/Wildberries/cocoaskills/.venv/lib/python3.14/site-packages/_pytest/pathlib.py:95: PytestWarning: (rm_rf) error removing /private/var/folders/cz/jqbthtks55zbkpcdkfyk4bl80000gp/T/pytest-of-iv/garbage-a2935625-e256-4856-a1dc-71440b52ef46/test_rc6_toolchain_case_toolch0/toolchain-mode-1
  <class 'OSError'>: [Errno 66] Directory not empty: '/private/var/folders/cz/jqbthtks55zbkpcdkfyk4bl80000gp/T/pytest-of-iv/garbage-a2935625-e256-4856-a1dc-71440b52ef46/test_rc6_toolchain_case_toolch0/toolchain-mode-1'
    warnings.warn(

.venv/lib/python3.14/site-packages/_pytest/pathlib.py:95
  /Users/iv/Developer/Wildberries/cocoaskills/.venv/lib/python3.14/site-packages/_pytest/pathlib.py:95: PytestWarning: (rm_rf) error removing /private/var/folders/cz/jqbthtks55zbkpcdkfyk4bl80000gp/T/pytest-of-iv/garbage-a2935625-e256-4856-a1dc-71440b52ef46/test_rc6_toolchain_case_toolch0
  <class 'OSError'>: [Errno 66] Directory not empty: '/private/var/folders/cz/jqbthtks55zbkpcdkfyk4bl80000gp/T/pytest-of-iv/garbage-a2935625-e256-4856-a1dc-71440b52ef46/test_rc6_toolchain_case_toolch0'
    warnings.warn(

.venv/lib/python3.14/site-packages/_pytest/pathlib.py:95
  /Users/iv/Developer/Wildberries/cocoaskills/.venv/lib/python3.14/site-packages/_pytest/pathlib.py:95: PytestWarning: (rm_rf) error removing /private/var/folders/cz/jqbthtks55zbkpcdkfyk4bl80000gp/T/pytest-of-iv/garbage-a2935625-e256-4856-a1dc-71440b52ef46
  <class 'OSError'>: [Errno 66] Directory not empty: '/private/var/folders/cz/jqbthtks55zbkpcdkfyk4bl80000gp/T/pytest-of-iv/garbage-a2935625-e256-4856-a1dc-71440b52ef46'
    warnings.warn(

.venv/lib/python3.14/site-packages/_pytest/pathlib.py:95
  /Users/iv/Developer/Wildberries/cocoaskills/.venv/lib/python3.14/site-packages/_pytest/pathlib.py:95: PytestWarning: (rm_rf) error removing /private/var/folders/cz/jqbthtks55zbkpcdkfyk4bl80000gp/T/pytest-of-iv/garbage-7cf001d7-3ed7-4cc2-97e0-fe4722420ca7/test_rc6_toolchain_case_toolch0/toolchain-mode-1/pkg
  <class 'OSError'>: [Errno 66] Directory not empty: '/private/var/folders/cz/jqbthtks55zbkpcdkfyk4bl80000gp/T/pytest-of-iv/garbage-7cf001d7-3ed7-4cc2-97e0-fe4722420ca7/test_rc6_toolchain_case_toolch0/toolchain-mode-1/pkg'
    warnings.warn(

.venv/lib/python3.14/site-packages/_pytest/pathlib.py:95
  /Users/iv/Developer/Wildberries/cocoaskills/.venv/lib/python3.14/site-packages/_pytest/pathlib.py:95: PytestWarning: (rm_rf) error removing /private/var/folders/cz/jqbthtks55zbkpcdkfyk4bl80000gp/T/pytest-of-iv/garbage-7cf001d7-3ed7-4cc2-97e0-fe4722420ca7/test_rc6_toolchain_case_toolch0/toolchain-mode-1
  <class 'OSError'>: [Errno 66] Directory not empty: '/private/var/folders/cz/jqbthtks55zbkpcdkfyk4bl80000gp/T/pytest-of-iv/garbage-7cf001d7-3ed7-4cc2-97e0-fe4722420ca7/test_rc6_toolchain_case_toolch0/toolchain-mode-1'
    warnings.warn(

.venv/lib/python3.14/site-packages/_pytest/pathlib.py:95
  /Users/iv/Developer/Wildberries/cocoaskills/.venv/lib/python3.14/site-packages/_pytest/pathlib.py:95: PytestWarning: (rm_rf) error removing /private/var/folders/cz/jqbthtks55zbkpcdkfyk4bl80000gp/T/pytest-of-iv/garbage-7cf001d7-3ed7-4cc2-97e0-fe4722420ca7/test_rc6_toolchain_case_toolch0
  <class 'OSError'>: [Errno 66] Directory not empty: '/private/var/folders/cz/jqbthtks55zbkpcdkfyk4bl80000gp/T/pytest-of-iv/garbage-7cf001d7-3ed7-4cc2-97e0-fe4722420ca7/test_rc6_toolchain_case_toolch0'
    warnings.warn(

.venv/lib/python3.14/site-packages/_pytest/pathlib.py:95
  /Users/iv/Developer/Wildberries/cocoaskills/.venv/lib/python3.14/site-packages/_pytest/pathlib.py:95: PytestWarning: (rm_rf) error removing /private/var/folders/cz/jqbthtks55zbkpcdkfyk4bl80000gp/T/pytest-of-iv/garbage-7cf001d7-3ed7-4cc2-97e0-fe4722420ca7
  <class 'OSError'>: [Errno 66] Directory not empty: '/private/var/folders/cz/jqbthtks55zbkpcdkfyk4bl80000gp/T/pytest-of-iv/garbage-7cf001d7-3ed7-4cc2-97e0-fe4722420ca7'
    warnings.warn(

.venv/lib/python3.14/site-packages/_pytest/pathlib.py:95
  /Users/iv/Developer/Wildberries/cocoaskills/.venv/lib/python3.14/site-packages/_pytest/pathlib.py:95: PytestWarning: (rm_rf) error removing /private/var/folders/cz/jqbthtks55zbkpcdkfyk4bl80000gp/T/pytest-of-iv/garbage-1543372e-96e4-452a-bc93-ac0e765dedc0/test_rc6_toolchain_case_toolch0/toolchain-mode-1/pkg
  <class 'OSError'>: [Errno 66] Directory not empty: '/private/var/folders/cz/jqbthtks55zbkpcdkfyk4bl80000gp/T/pytest-of-iv/garbage-1543372e-96e4-452a-bc93-ac0e765dedc0/test_rc6_toolchain_case_toolch0/toolchain-mode-1/pkg'
    warnings.warn(

.venv/lib/python3.14/site-packages/_pytest/pathlib.py:95
  /Users/iv/Developer/Wildberries/cocoaskills/.venv/lib/python3.14/site-packages/_pytest/pathlib.py:95: PytestWarning: (rm_rf) error removing /private/var/folders/cz/jqbthtks55zbkpcdkfyk4bl80000gp/T/pytest-of-iv/garbage-1543372e-96e4-452a-bc93-ac0e765dedc0/test_rc6_toolchain_case_toolch0/toolchain-mode-1
  <class 'OSError'>: [Errno 66] Directory not empty: '/private/var/folders/cz/jqbthtks55zbkpcdkfyk4bl80000gp/T/pytest-of-iv/garbage-1543372e-96e4-452a-bc93-ac0e765dedc0/test_rc6_toolchain_case_toolch0/toolchain-mode-1'
    warnings.warn(

.venv/lib/python3.14/site-packages/_pytest/pathlib.py:95
  /Users/iv/Developer/Wildberries/cocoaskills/.venv/lib/python3.14/site-packages/_pytest/pathlib.py:95: PytestWarning: (rm_rf) error removing /private/var/folders/cz/jqbthtks55zbkpcdkfyk4bl80000gp/T/pytest-of-iv/garbage-1543372e-96e4-452a-bc93-ac0e765dedc0/test_rc6_toolchain_case_toolch0
  <class 'OSError'>: [Errno 66] Directory not empty: '/private/var/folders/cz/jqbthtks55zbkpcdkfyk4bl80000gp/T/pytest-of-iv/garbage-1543372e-96e4-452a-bc93-ac0e765dedc0/test_rc6_toolchain_case_toolch0'
    warnings.warn(

.venv/lib/python3.14/site-packages/_pytest/pathlib.py:95
  /Users/iv/Developer/Wildberries/cocoaskills/.venv/lib/python3.14/site-packages/_pytest/pathlib.py:95: PytestWarning: (rm_rf) error removing /private/var/folders/cz/jqbthtks55zbkpcdkfyk4bl80000gp/T/pytest-of-iv/garbage-1543372e-96e4-452a-bc93-ac0e765dedc0
  <class 'OSError'>: [Errno 66] Directory not empty: '/private/var/folders/cz/jqbthtks55zbkpcdkfyk4bl80000gp/T/pytest-of-iv/garbage-1543372e-96e4-452a-bc93-ac0e765dedc0'
    warnings.warn(

.venv/lib/python3.14/site-packages/_pytest/pathlib.py:95
  /Users/iv/Developer/Wildberries/cocoaskills/.venv/lib/python3.14/site-packages/_pytest/pathlib.py:95: PytestWarning: (rm_rf) error removing /private/var/folders/cz/jqbthtks55zbkpcdkfyk4bl80000gp/T/pytest-of-iv/garbage-a004989d-e56d-433b-8ca8-f02c7a7afe3c/test_rc6_toolchain_case_toolch0/toolchain-mode-1/pkg
  <class 'OSError'>: [Errno 66] Directory not empty: '/private/var/folders/cz/jqbthtks55zbkpcdkfyk4bl80000gp/T/pytest-of-iv/garbage-a004989d-e56d-433b-8ca8-f02c7a7afe3c/test_rc6_toolchain_case_toolch0/toolchain-mode-1/pkg'
    warnings.warn(

.venv/lib/python3.14/site-packages/_pytest/pathlib.py:95
  /Users/iv/Developer/Wildberries/cocoaskills/.venv/lib/python3.14/site-packages/_pytest/pathlib.py:95: PytestWarning: (rm_rf) error removing /private/var/folders/cz/jqbthtks55zbkpcdkfyk4bl80000gp/T/pytest-of-iv/garbage-a004989d-e56d-433b-8ca8-f02c7a7afe3c/test_rc6_toolchain_case_toolch0/toolchain-mode-1
  <class 'OSError'>: [Errno 66] Directory not empty: '/private/var/folders/cz/jqbthtks55zbkpcdkfyk4bl80000gp/T/pytest-of-iv/garbage-a004989d-e56d-433b-8ca8-f02c7a7afe3c/test_rc6_toolchain_case_toolch0/toolchain-mode-1'
    warnings.warn(

.venv/lib/python3.14/site-packages/_pytest/pathlib.py:95
  /Users/iv/Developer/Wildberries/cocoaskills/.venv/lib/python3.14/site-packages/_pytest/pathlib.py:95: PytestWarning: (rm_rf) error removing /private/var/folders/cz/jqbthtks55zbkpcdkfyk4bl80000gp/T/pytest-of-iv/garbage-a004989d-e56d-433b-8ca8-f02c7a7afe3c/test_rc6_toolchain_case_toolch0
  <class 'OSError'>: [Errno 66] Directory not empty: '/private/var/folders/cz/jqbthtks55zbkpcdkfyk4bl80000gp/T/pytest-of-iv/garbage-a004989d-e56d-433b-8ca8-f02c7a7afe3c/test_rc6_toolchain_case_toolch0'
    warnings.warn(

.venv/lib/python3.14/site-packages/_pytest/pathlib.py:95
  /Users/iv/Developer/Wildberries/cocoaskills/.venv/lib/python3.14/site-packages/_pytest/pathlib.py:95: PytestWarning: (rm_rf) error removing /private/var/folders/cz/jqbthtks55zbkpcdkfyk4bl80000gp/T/pytest-of-iv/garbage-a004989d-e56d-433b-8ca8-f02c7a7afe3c
  <class 'OSError'>: [Errno 66] Directory not empty: '/private/var/folders/cz/jqbthtks55zbkpcdkfyk4bl80000gp/T/pytest-of-iv/garbage-a004989d-e56d-433b-8ca8-f02c7a7afe3c'
    warnings.warn(

.venv/lib/python3.14/site-packages/_pytest/pathlib.py:95
  /Users/iv/Developer/Wildberries/cocoaskills/.venv/lib/python3.14/site-packages/_pytest/pathlib.py:95: PytestWarning: (rm_rf) error removing /private/var/folders/cz/jqbthtks55zbkpcdkfyk4bl80000gp/T/pytest-of-iv/garbage-b381f741-9ac9-4cf5-b4f9-b36dcbc9f6ce/test_rc6_toolchain_case_toolch0/toolchain-mode-1/pkg
  <class 'OSError'>: [Errno 66] Directory not empty: '/private/var/folders/cz/jqbthtks55zbkpcdkfyk4bl80000gp/T/pytest-of-iv/garbage-b381f741-9ac9-4cf5-b4f9-b36dcbc9f6ce/test_rc6_toolchain_case_toolch0/toolchain-mode-1/pkg'
    warnings.warn(

.venv/lib/python3.14/site-packages/_pytest/pathlib.py:95
  /Users/iv/Developer/Wildberries/cocoaskills/.venv/lib/python3.14/site-packages/_pytest/pathlib.py:95: PytestWarning: (rm_rf) error removing /private/var/folders/cz/jqbthtks55zbkpcdkfyk4bl80000gp/T/pytest-of-iv/garbage-b381f741-9ac9-4cf5-b4f9-b36dcbc9f6ce/test_rc6_toolchain_case_toolch0/toolchain-mode-1
  <class 'OSError'>: [Errno 66] Directory not empty: '/private/var/folders/cz/jqbthtks55zbkpcdkfyk4bl80000gp/T/pytest-of-iv/garbage-b381f741-9ac9-4cf5-b4f9-b36dcbc9f6ce/test_rc6_toolchain_case_toolch0/toolchain-mode-1'
    warnings.warn(

.venv/lib/python3.14/site-packages/_pytest/pathlib.py:95
  /Users/iv/Developer/Wildberries/cocoaskills/.venv/lib/python3.14/site-packages/_pytest/pathlib.py:95: PytestWarning: (rm_rf) error removing /private/var/folders/cz/jqbthtks55zbkpcdkfyk4bl80000gp/T/pytest-of-iv/garbage-b381f741-9ac9-4cf5-b4f9-b36dcbc9f6ce/test_rc6_toolchain_case_toolch0
  <class 'OSError'>: [Errno 66] Directory not empty: '/private/var/folders/cz/jqbthtks55zbkpcdkfyk4bl80000gp/T/pytest-of-iv/garbage-b381f741-9ac9-4cf5-b4f9-b36dcbc9f6ce/test_rc6_toolchain_case_toolch0'
    warnings.warn(

.venv/lib/python3.14/site-packages/_pytest/pathlib.py:95
  /Users/iv/Developer/Wildberries/cocoaskills/.venv/lib/python3.14/site-packages/_pytest/pathlib.py:95: PytestWarning: (rm_rf) error removing /private/var/folders/cz/jqbthtks55zbkpcdkfyk4bl80000gp/T/pytest-of-iv/garbage-b381f741-9ac9-4cf5-b4f9-b36dcbc9f6ce
  <class 'OSError'>: [Errno 66] Directory not empty: '/private/var/folders/cz/jqbthtks55zbkpcdkfyk4bl80000gp/T/pytest-of-iv/garbage-b381f741-9ac9-4cf5-b4f9-b36dcbc9f6ce'
    warnings.warn(

.venv/lib/python3.14/site-packages/_pytest/pathlib.py:95
  /Users/iv/Developer/Wildberries/cocoaskills/.venv/lib/python3.14/site-packages/_pytest/pathlib.py:95: PytestWarning: (rm_rf) error removing /private/var/folders/cz/jqbthtks55zbkpcdkfyk4bl80000gp/T/pytest-of-iv/garbage-f6186de5-b4cb-4701-8c05-d3b4403b6ac2/test_rc6_toolchain_case_toolch0/toolchain-mode-1/pkg
  <class 'OSError'>: [Errno 66] Directory not empty: '/private/var/folders/cz/jqbthtks55zbkpcdkfyk4bl80000gp/T/pytest-of-iv/garbage-f6186de5-b4cb-4701-8c05-d3b4403b6ac2/test_rc6_toolchain_case_toolch0/toolchain-mode-1/pkg'
    warnings.warn(

.venv/lib/python3.14/site-packages/_pytest/pathlib.py:95
  /Users/iv/Developer/Wildberries/cocoaskills/.venv/lib/python3.14/site-packages/_pytest/pathlib.py:95: PytestWarning: (rm_rf) error removing /private/var/folders/cz/jqbthtks55zbkpcdkfyk4bl80000gp/T/pytest-of-iv/garbage-f6186de5-b4cb-4701-8c05-d3b4403b6ac2/test_rc6_toolchain_case_toolch0/toolchain-mode-1
  <class 'OSError'>: [Errno 66] Directory not empty: '/private/var/folders/cz/jqbthtks55zbkpcdkfyk4bl80000gp/T/pytest-of-iv/garbage-f6186de5-b4cb-4701-8c05-d3b4403b6ac2/test_rc6_toolchain_case_toolch0/toolchain-mode-1'
    warnings.warn(

.venv/lib/python3.14/site-packages/_pytest/pathlib.py:95
  /Users/iv/Developer/Wildberries/cocoaskills/.venv/lib/python3.14/site-packages/_pytest/pathlib.py:95: PytestWarning: (rm_rf) error removing /private/var/folders/cz/jqbthtks55zbkpcdkfyk4bl80000gp/T/pytest-of-iv/garbage-f6186de5-b4cb-4701-8c05-d3b4403b6ac2/test_rc6_toolchain_case_toolch0
  <class 'OSError'>: [Errno 66] Directory not empty: '/private/var/folders/cz/jqbthtks55zbkpcdkfyk4bl80000gp/T/pytest-of-iv/garbage-f6186de5-b4cb-4701-8c05-d3b4403b6ac2/test_rc6_toolchain_case_toolch0'
    warnings.warn(

.venv/lib/python3.14/site-packages/_pytest/pathlib.py:95
  /Users/iv/Developer/Wildberries/cocoaskills/.venv/lib/python3.14/site-packages/_pytest/pathlib.py:95: PytestWarning: (rm_rf) error removing /private/var/folders/cz/jqbthtks55zbkpcdkfyk4bl80000gp/T/pytest-of-iv/garbage-f6186de5-b4cb-4701-8c05-d3b4403b6ac2
  <class 'OSError'>: [Errno 66] Directory not empty: '/private/var/folders/cz/jqbthtks55zbkpcdkfyk4bl80000gp/T/pytest-of-iv/garbage-f6186de5-b4cb-4701-8c05-d3b4403b6ac2'
    warnings.warn(

.venv/lib/python3.14/site-packages/_pytest/pathlib.py:95
  /Users/iv/Developer/Wildberries/cocoaskills/.venv/lib/python3.14/site-packages/_pytest/pathlib.py:95: PytestWarning: (rm_rf) error removing /private/var/folders/cz/jqbthtks55zbkpcdkfyk4bl80000gp/T/pytest-of-iv/garbage-e550e34d-8d23-4be0-a658-bb77f8302444/test_rc6_toolchain_case_toolch0/toolchain-mode-1/pkg
  <class 'OSError'>: [Errno 66] Directory not empty: '/private/var/folders/cz/jqbthtks55zbkpcdkfyk4bl80000gp/T/pytest-of-iv/garbage-e550e34d-8d23-4be0-a658-bb77f8302444/test_rc6_toolchain_case_toolch0/toolchain-mode-1/pkg'
    warnings.warn(

.venv/lib/python3.14/site-packages/_pytest/pathlib.py:95
  /Users/iv/Developer/Wildberries/cocoaskills/.venv/lib/python3.14/site-packages/_pytest/pathlib.py:95: PytestWarning: (rm_rf) error removing /private/var/folders/cz/jqbthtks55zbkpcdkfyk4bl80000gp/T/pytest-of-iv/garbage-e550e34d-8d23-4be0-a658-bb77f8302444/test_rc6_toolchain_case_toolch0/toolchain-mode-1
  <class 'OSError'>: [Errno 66] Directory not empty: '/private/var/folders/cz/jqbthtks55zbkpcdkfyk4bl80000gp/T/pytest-of-iv/garbage-e550e34d-8d23-4be0-a658-bb77f8302444/test_rc6_toolchain_case_toolch0/toolchain-mode-1'
    warnings.warn(

.venv/lib/python3.14/site-packages/_pytest/pathlib.py:95
  /Users/iv/Developer/Wildberries/cocoaskills/.venv/lib/python3.14/site-packages/_pytest/pathlib.py:95: PytestWarning: (rm_rf) error removing /private/var/folders/cz/jqbthtks55zbkpcdkfyk4bl80000gp/T/pytest-of-iv/garbage-e550e34d-8d23-4be0-a658-bb77f8302444/test_rc6_toolchain_case_toolch0
  <class 'OSError'>: [Errno 66] Directory not empty: '/private/var/folders/cz/jqbthtks55zbkpcdkfyk4bl80000gp/T/pytest-of-iv/garbage-e550e34d-8d23-4be0-a658-bb77f8302444/test_rc6_toolchain_case_toolch0'
    warnings.warn(

.venv/lib/python3.14/site-packages/_pytest/pathlib.py:95
  /Users/iv/Developer/Wildberries/cocoaskills/.venv/lib/python3.14/site-packages/_pytest/pathlib.py:95: PytestWarning: (rm_rf) error removing /private/var/folders/cz/jqbthtks55zbkpcdkfyk4bl80000gp/T/pytest-of-iv/garbage-e550e34d-8d23-4be0-a658-bb77f8302444
  <class 'OSError'>: [Errno 66] Directory not empty: '/private/var/folders/cz/jqbthtks55zbkpcdkfyk4bl80000gp/T/pytest-of-iv/garbage-e550e34d-8d23-4be0-a658-bb77f8302444'
    warnings.warn(

-- Docs: https://docs.pytest.org/en/stable/how-to/capture-warnings.html
40 passed, 168 skipped, 28 warnings in 0.40s
